#! /c/Source/iverilog-install/bin/vvp
:ivl_version "12.0 (devel)" "(s20150603-1539-g2693dd32b)";
:ivl_delay_selection "TYPICAL";
:vpi_time_precision - 9;
:vpi_module "C:\iverilog\lib\ivl\system.vpi";
:vpi_module "C:\iverilog\lib\ivl\vhdl_sys.vpi";
:vpi_module "C:\iverilog\lib\ivl\vhdl_textio.vpi";
:vpi_module "C:\iverilog\lib\ivl\v2005_math.vpi";
:vpi_module "C:\iverilog\lib\ivl\va_math.vpi";
S_0000022b19c29770 .scope module, "tb_left_rotate_4bit" "tb_left_rotate_4bit" 2 3;
 .timescale -9 -9;
v0000022b19c267a0_0 .var "A", 3 0;
v0000022b19c26840_0 .net "Y", 3 0, L_0000022b19c26a20;  1 drivers
S_0000022b19c29900 .scope module, "uut" "left_rotate_4bit" 2 9, 3 1 0, S_0000022b19c29770;
 .timescale 0 0;
    .port_info 0 /INPUT 4 "A";
    .port_info 1 /OUTPUT 4 "Y";
v0000022b19c2ee10_0 .net "A", 3 0, v0000022b19c267a0_0;  1 drivers
v0000022b19c26e50_0 .net "Y", 3 0, L_0000022b19c26a20;  alias, 1 drivers
v0000022b19c26660_0 .net *"_ivl_1", 2 0, L_0000022b19c268e0;  1 drivers
v0000022b19c26700_0 .net *"_ivl_3", 0 0, L_0000022b19c26980;  1 drivers
L_0000022b19c268e0 .part v0000022b19c267a0_0, 0, 3;
L_0000022b19c26980 .part v0000022b19c267a0_0, 3, 1;
L_0000022b19c26a20 .concat [ 1 3 0 0], L_0000022b19c26980, L_0000022b19c268e0;
    .scope S_0000022b19c29770;
T_0 ;
    %vpi_call 2 15 "$dumpfile", "test.vcd" {0 0 0};
    %vpi_call 2 16 "$dumpvars", 32'sb00000000000000000000000000000000, S_0000022b19c29770 {0 0 0};
    %pushi/vec4 9, 0, 4;
    %store/vec4 v0000022b19c267a0_0, 0, 4;
    %delay 10, 0;
    %pushi/vec4 12, 0, 4;
    %store/vec4 v0000022b19c267a0_0, 0, 4;
    %delay 10, 0;
    %pushi/vec4 7, 0, 4;
    %store/vec4 v0000022b19c267a0_0, 0, 4;
    %delay 10, 0;
    %pushi/vec4 1, 0, 4;
    %store/vec4 v0000022b19c267a0_0, 0, 4;
    %delay 10, 0;
    %vpi_call 2 25 "$finish" {0 0 0};
    %end;
    .thread T_0;
    .scope S_0000022b19c29770;
T_1 ;
    %vpi_call 2 30 "$monitor", "Time = %0t | A = %b | Y = %b", $time, v0000022b19c267a0_0, v0000022b19c26840_0 {0 0 0};
    %end;
    .thread T_1;
# The file index is used to find the file name in the following table.
:file_names 4;
    "N/A";
    "<interactive>";
    ".\tb_left_rotate_4bit.v";
    ".\left_rotate_4bit.v";
